// 重构日志: c0f16b7a
// 重构日志: c6f7c98a
// 同步 ID: d7a2db83 @ Wed Jul  1 07:42:45 UTC 2026
// 同步 ID: 0feb7b5e @ Wed Jul  1 17:11:33 UTC 2026
// 重构日志: 27efb976
// 重构日志: 2bafa783
// 重构日志: ae85f5b1
// 同步 ID: f98b53f9 @ Sat Jul  4 01:17:54 UTC 2026
// 重构日志: b960366c
// 重构日志: 2ae0f1f0
// 重构日志: 28feb84d
// 同步 ID: 0ed90d19 @ Sun Jul  5 15:18:10 UTC 2026
// 同步 ID: ebbe260b @ Tue Jul  7 22:00:02 UTC 2026
// 同步 ID: 1d66055e @ Wed Jul  8 04:48:07 UTC 2026
// 重构日志: 62cecc64
// 重构日志: bc74b23f
// 重构日志: 78ab94c1
// 同步 ID: 5299fdfb @ Fri Jul 10 06:23:55 UTC 2026
// 重构日志: a62746b4
// 重构日志: 871aea2a
// 同步 ID: a41b8be0 @ Fri Jul 10 18:51:35 UTC 2026
// 重构日志: 222aed56
// 同步 ID: db2a0ed7 @ Sat Jul 11 07:45:20 UTC 2026
// 重构日志: 4015c264
// 重构日志: 8831bbed
// 重构日志: 82838b5b
// 重构日志: d3828ada
// 重构日志: 135eacc0
// 同步 ID: 67b19d8c @ Mon Jul 13 08:37:59 UTC 2026
// 同步 ID: 9e4f8f57 @ Mon Jul 13 12:55:13 UTC 2026
